// Jest Snapshot v1, https://goo.gl/fbAQLP

exports[`RecordingTab.vue it has the correct pristine / empty state 1`] = `
<div
  class="flex flex-col bg-blue-light overflow-hidden mt-4 h-100 dark:bg-black"
  data-test-id="results-tab"
>
  <div
    class="flex flex-row"
  >
    
    <button
      class="w-1/2 p-2 font-semibold text-xs capitalize rounded-t bg-black text-gray-lightest dark:bg-black-shady"
    >
      playwright
    </button>
    <button
      class="w-1/2 p-2 font-semibold text-xs capitalize rounded-t text-gray-dark dark:text-gray"
    >
      puppeteer
    </button>
    
  </div>
  <div
    class="sc p-2 bg-black dark:bg-black-shady"
  >
    <pre>
              
      <code>
        No code yet...
      </code>
      
      
    </pre>
  </div>
</div>
`;

exports[`RecordingTab.vue it show a code box when there is code 1`] = `
<div
  class="flex flex-col bg-blue-light overflow-hidden mt-4 h-100 dark:bg-black"
  data-test-id="results-tab"
>
  <div
    class="flex flex-row"
  >
    
    <button
      class="w-1/2 p-2 font-semibold text-xs capitalize rounded-t bg-black text-gray-lightest dark:bg-black-shady"
    >
      playwright
    </button>
    <button
      class="w-1/2 p-2 font-semibold text-xs capitalize rounded-t text-gray-dark dark:text-gray"
    >
      puppeteer
    </button>
    
  </div>
  <div
    class="sc p-2 bg-black dark:bg-black-shady"
  >
    <pre>
              
      <code>
        No code yet...
      </code>
      
      
    </pre>
  </div>
</div>
`;
